
> frontend@0.1.0 dev
> next dev

   ▲ Next.js 15.5.3
   - Local:        http://localhost:3000
   - Network:      http://192.168.0.104:3000
   - Environments: .env.local, .env

 ✓ Starting...
 ✓ Ready in 6.6s
 ○ Compiling / ...
 ✓ Compiled / in 25.8s (1899 modules)
[API] Fetching: http://localhost:8000/api/v1/cms/why-choose-us/
[API] Fetching: http://localhost:8000/api/v1/cms/blog/posts/latest/
[API] Fetching: http://localhost:8000/api/v1/case-studies/api/items/homepage-section/
[API] Fetching: http://localhost:8000/api/v1/cms/why-choose-features/
[API] Fetching: http://localhost:8000/api/v1/cms/hero/
[API] Fetching: http://localhost:8000/api/v1/cms/brands/
[API] Fetching: http://localhost:8000/api/v1/cms/pricing-config/
[API] Fetching: http://localhost:8000/api/v1/settings/site/
[API] Response status: 200 for http://localhost:8000/api/v1/settings/site/
[API] Response status: 200 for http://localhost:8000/api/v1/case-studies/api/items/homepage-section/
[API] Response status: 200 for http://localhost:8000/api/v1/cms/brands/
[API] Response status: 200 for http://localhost:8000/api/v1/cms/hero/
[API] Response status: 200 for http://localhost:8000/api/v1/cms/why-choose-us/
[API] Response status: 200 for http://localhost:8000/api/v1/cms/why-choose-features/
[API] Response status: 200 for http://localhost:8000/api/v1/cms/blog/posts/latest/
[API] Response status: 200 for http://localhost:8000/api/v1/cms/pricing-config/
 GET / 200 in 31057ms
 ○ Compiling /services/[slug] ...
 ✓ Compiled /services/[slug] in 7.4s (1833 modules)
[API] Fetching: http://localhost:8000/api/v1/cms/brands/
[API] Fetching: http://localhost:8000/api/v1/settings/site/
