Performing system checks...

July 13, 2026 - 22:06:23
Django version 5.2.15, using settings 'core.settings'
Starting ASGI/Daphne version 4.2.2 development server at http://0.0.0.0:8000/
Quit the server with CTRL-BREAK.
Performing system checks...

July 13, 2026 - 22:22:35
Django version 5.2.15, using settings 'core.settings'
Starting ASGI/Daphne version 4.2.2 development server at http://0.0.0.0:8000/
Quit the server with CTRL-BREAK.
Performing system checks...

July 13, 2026 - 22:22:45
Django version 5.2.15, using settings 'core.settings'
Starting ASGI/Daphne version 4.2.2 development server at http://0.0.0.0:8000/
Quit the server with CTRL-BREAK.
Performing system checks...

July 13, 2026 - 22:23:00
Django version 5.2.15, using settings 'core.settings'
Starting ASGI/Daphne version 4.2.2 development server at http://0.0.0.0:8000/
Quit the server with CTRL-BREAK.
Performing system checks...

July 13, 2026 - 22:23:10
Django version 5.2.15, using settings 'core.settings'
Starting ASGI/Daphne version 4.2.2 development server at http://0.0.0.0:8000/
Quit the server with CTRL-BREAK.
